C51 COMPILER V9.54   MAIN                                                                  07/21/2023 22:34:11 PAGE 1   


C51 COMPILER V9.54, COMPILATION OF MODULE MAIN
OBJECT MODULE PLACED IN .\Objects\main.obj
COMPILER INVOKED BY: D:\Keil5\C51\BIN\C51.EXE main.c OPTIMIZE(8,SPEED) BROWSE DEBUG OBJECTEXTEND PRINT(.\Listings\main.l
                    -st) OBJECT(.\Objects\main.obj)

line level    source

   1          #include <REGX52.H>
   2          #include "LCD1602.h"
   3          #include "DS18B20.h"
   4          #include "Key.h"
   5          #include "AT24C02.h"
   6          
   7          char Thigh = 0,Tlow = 0;
   8          unsigned char key_number;
   9          float T;
  10          
  11          void main(void)
  12          {
  13   1              LCD_Init();
  14   1              LCD_ShowString(1,1,"T:");
  15   1              LCD_ShowString(2,1,"TH:");
  16   1              LCD_ShowString(2,9,"TL:");
  17   1              while(1)
  18   1              {
  19   2                      //数据读取
  20   2                      DS18B20_ConvertT();
  21   2                      T = DS18B20_readT();
  22   2                      key_number = getKey();
  23   2                      Thigh = AT24C02_readByte(1);
  24   2                      Tlow = AT24C02_readByte(0);
  25   2                      
  26   2                      //显示实时温度
  27   2                      if(T<0)
  28   2                      {
  29   3                              LCD_ShowChar(1,3,'-');
  30   3                              T = -T;
  31   3                      }
  32   2                      else 
  33   2                      {
  34   3                              LCD_ShowChar(1,3,'+');
  35   3                      }
  36   2                      LCD_ShowNum(1,4,T,3);
  37   2                      LCD_ShowChar(1,7,'.');
  38   2                      LCD_ShowNum(1,8,(unsigned long)(T*100)%100,3);
  39   2                      
  40   2                      //根据按键控制上下限和使用EEPROM持久化
  41   2                      if(key_number)
  42   2                      {
  43   3                              switch(key_number){
  44   4                                      case 1:
  45   4                                              Thigh++;
  46   4                                              if(Thigh>125){Thigh = 125;}
  47   4                                              break;
  48   4                                      case 2:
  49   4                                              Thigh--;
  50   4                                              if(Thigh<Tlow){Thigh = Tlow;}
  51   4                                              break;
  52   4                                      case 3:
  53   4                                              Tlow++;
  54   4                                              if(Tlow>Thigh){Tlow = Thigh;}
C51 COMPILER V9.54   MAIN                                                                  07/21/2023 22:34:11 PAGE 2   

  55   4                                              break;
  56   4                                      case 4:
  57   4                                              Tlow--;
  58   4                                              if(Tlow<-55){Tlow = -55;}
  59   4                                              break;
  60   4                              }
  61   3                              AT24C02_writeByte(1,Thigh);
  62   3                              AT24C02_writeByte(0,Tlow);
  63   3                      }
  64   2                      LCD_ShowSignedNum(2,4,Thigh,3);
  65   2                      LCD_ShowSignedNum(2,12,Tlow,3);
  66   2                      
  67   2                      //显示温度报警
  68   2                      if(T > Thigh){LCD_ShowString(1,13,"OV:H");}
  69   2                      else if(T < Tlow){LCD_ShowString(1,13,"OV:L");}
  70   2                      else {LCD_ShowString(1,13,"    ");}
  71   2              }
  72   1      }


MODULE INFORMATION:   STATIC OVERLAYABLE
   CODE SIZE        =    436    ----
   CONSTANT SIZE    =     26    ----
   XDATA SIZE       =   ----    ----
   PDATA SIZE       =   ----    ----
   DATA SIZE        =      7    ----
   IDATA SIZE       =   ----    ----
   BIT SIZE         =   ----    ----
END OF MODULE INFORMATION.


C51 COMPILATION COMPLETE.  0 WARNING(S),  0 ERROR(S)
