C51 COMPILER V9.54   MAIN                                                                  03/07/2023 19:24:10 PAGE 1   


C51 COMPILER V9.54, COMPILATION OF MODULE MAIN
OBJECT MODULE PLACED IN .\Objects\main.obj
COMPILER INVOKED BY: D:\Keil5\C51\BIN\C51.EXE main.c OPTIMIZE(8,SPEED) BROWSE DEBUG OBJECTEXTEND PRINT(.\Listings\main.l
                    -st) TABS(2) OBJECT(.\Objects\main.obj)

line level    source

   1          #include <REGX52.H>
   2          #include <INTRINS.H>
   3          
   4          void Delay(unsigned int xms);
   5          
   6          
   7          void main(){
   8   1        
   9   1        P2 = 0xfe;
  10   1        while(1){
  11   2          if(P3_1 == 0){
  12   3            Delay(20);
  13   3            while(P3_1 == 0);
  14   3            Delay(20);
  15   3            
  16   3            P2 = ~(~P2<<1);
  17   3            if(P2 == 0xff){
  18   4              P2 = 0xfe;
  19   4            }
  20   3          }
  21   2          else if(P3_0 == 0){
  22   3            Delay(20);
  23   3            while(P3_0 == 0);
  24   3            Delay(20);
  25   3            
  26   3            P2 = ~(~P2>>1);
  27   3            if(P2 == 0xff){
  28   4              P2 = 0x7f;
  29   4            }
  30   3          }
  31   2          
  32   2        }
  33   1      }
  34          
  35          void Delay(unsigned int xms)    //@11.0592MHz
  36          {
  37   1        unsigned char i, j;
  38   1        
  39   1        while(xms--){
  40   2          _nop_();
  41   2          i = 2;
  42   2          j = 199;
  43   2          do
  44   2          {
  45   3            while (--j);
  46   3          } while (--i);
  47   2        }
  48   1      }


MODULE INFORMATION:   STATIC OVERLAYABLE
   CODE SIZE        =     88    ----
   CONSTANT SIZE    =   ----    ----
   XDATA SIZE       =   ----    ----
C51 COMPILER V9.54   MAIN                                                                  03/07/2023 19:24:10 PAGE 2   

   PDATA SIZE       =   ----    ----
   DATA SIZE        =   ----    ----
   IDATA SIZE       =   ----    ----
   BIT SIZE         =   ----    ----
END OF MODULE INFORMATION.


C51 COMPILATION COMPLETE.  0 WARNING(S),  0 ERROR(S)
