C51 COMPILER V9.54   SONG                                                                  03/21/2023 16:51:55 PAGE 1   


C51 COMPILER V9.54, COMPILATION OF MODULE SONG
OBJECT MODULE PLACED IN .\Objects\song.obj
COMPILER INVOKED BY: D:\Keil5\C51\BIN\C51.EXE song.c OPTIMIZE(8,SPEED) BROWSE DEBUG OBJECTEXTEND PRINT(.\Listings\song.l
                    -st) TABS(2) OBJECT(.\Objects\song.obj)

line level    source

   1          #include <REGX52.H>
   2          #include "song.h"
   3          
   4          unsigned int code FreqTable[] = { 
   5            0,
   6            63628,63731,63835,63928,64021,64103,64185,64260,64331,
   7            64400,64463,64528,64580,64633,64684,64732,64777,64820,
   8            64860,64898,64934,64968,65000,65030,65058,65085,65110,
   9            65134,65157,65178,65198,65217,65235,65252,65268,65283
  10          };
  11          
  12          unsigned char code sky[] = {
  13            //音符,时值,
  14            
  15            //1
  16            P,  4,
  17            P,  4,
  18            P,  4,
  19            M6, 2,
  20            M7, 2,
  21            
  22            H1, 4+2,
  23            M7, 2,
  24            H1, 4,
  25            H3, 4,
  26            
  27            M7, 4+4+4,
  28            M3, 2,
  29            M3, 2,
  30            
  31            //2
  32            M6, 4+2,
  33            M5, 2,
  34            M6, 4,
  35            H1, 4,
  36            
  37            M5, 4+4+4,
  38            M3, 4,
  39            
  40            M4, 4+2,
  41            M3, 2,
  42            M4, 4,
  43            H1, 4,
  44            
  45            //3
  46            M3, 4+4,
  47            P,  2,
  48            H1, 2,
  49            H1, 2,
  50            H1, 2,
  51            
  52            M7, 4+2,
  53            M4_,2,
  54            M4_,4,
C51 COMPILER V9.54   SONG                                                                  03/21/2023 16:51:55 PAGE 2   

  55            M7, 4,
  56            
  57            M7, 8,
  58            P,  4,
  59            M6, 2,
  60            M7, 2,
  61            
  62            //4
  63            H1, 4+2,
  64            M7, 2,
  65            H1, 4,
  66            H3, 4,
  67            
  68            M7, 4+4+4,
  69            M3, 2,
  70            M3, 2,
  71            
  72            M6, 4+2,
  73            M5, 2,
  74            M6, 4,
  75            H1, 4,
  76            
  77            //5
  78            M5, 4+4+4,
  79            M2, 2,
  80            M3, 2,
  81            
  82            M4, 4,
  83            H1, 2,
  84            M7, 2+2,
  85            H1, 2+4,
  86            
  87            H2, 2,
  88            H2, 2,
  89            H3, 2,
  90            H1, 2+4+4,
  91            
  92            //6
  93            H1, 2,
  94            M7, 2,
  95            M6, 2,
  96            M6, 2,
  97            M7, 4,
  98            M5_,4,
  99            
 100            
 101            M6, 4+4+4,
 102            H1, 2,
 103            H2, 2,
 104            
 105            H3, 4+2,
 106            H2, 2,
 107            H3, 4,
 108            H5, 4,
 109            
 110            //7
 111            H2, 4+4+4,
 112            M5, 2,
 113            M5, 2,
 114            
 115            H1, 4+2,
 116            M7, 2,
C51 COMPILER V9.54   SONG                                                                  03/21/2023 16:51:55 PAGE 3   

 117            H1, 4,
 118            H3, 4,
 119            
 120            H3, 4+4+4+4,
 121            
 122            //8
 123            M6, 2,
 124            M7, 2,
 125            H1, 4,
 126            M7, 4,
 127            H2, 2,
 128            H2, 2,
 129            
 130            H1, 4+2,
 131            M5, 2+4+4,
 132            
 133            H4, 4,
 134            H3, 4,
 135            H3, 4,
 136            H1, 4,
 137            
 138            //9
 139            H3, 4+4+4,
 140            H3, 4,
 141            
 142            H6, 4+4,
 143            H5, 4,
 144            H5, 4,
 145            
 146            H3, 2,
 147            H2, 2,
 148            H1, 4+4,
 149            P,  2,
 150            H1, 2,
 151            
 152            //10
 153            H2, 4,
 154            H1, 2,
 155            H2, 2,
 156            H2, 4,
 157            H5, 4,
 158            
 159            H3, 4+4+4,
 160            H3, 4,
 161            
 162            H6, 4+4,
 163            H5, 4+4,
 164            
 165            //11
 166            H3, 2,
 167            H2, 2,
 168            H1, 4+4,
 169            P,  2,
 170            H1, 2,
 171            
 172            H2, 4,
 173            H1, 2,
 174            H2, 2+4,
 175            M7, 4,
 176            
 177            M6, 4+4+4,
 178            P,  4,
C51 COMPILER V9.54   SONG                                                                  03/21/2023 16:51:55 PAGE 4   

 179            
 180            0xFF  //终止标志
 181          };
 182          
 183          /*unsigned char code only_my_railgun[] = 
 184          {
 185          M5,2,
 186          M6,1,
 187          M6,1+2,
 188          M6,2+2,
 189          M5,2,
 190          M5,2,
 191          M6,1,
 192          M6,1+2,
 193          M6,2+2,
 194          M5,2,
 195          
 196          M5,2,
 197          M6,1,
 198          M6,1+2,
 199          M6,2+2,
 200          M6,2,
 201          M6,2,
 202          M7,2,
 203          H1,2,
 204          H2,2,
 205          
 206          M7,4,
 207          M5,4,
 208          H4,4,
 209          H2,2,
 210          
 211          H2,2+2,
 212          H2,1+2,
 213          H2,2+2,
 214          H3,2,
 215          P,2,
 216          H1,2,
 217          M7,2,
 218          M5,2,
 219          
 220          M5,2,
 221          M6,1,
 222          M6,1+2,
 223          M6,2+2,
 224          M5,2,
 225          M5,2,
 226          M6,1,
 227          M6,1+2,
 228          M6,2+2,
 229          M5,2,
 230          
 231          M5,2,
 232          M6,1,
 233          M6,1+2,
 234          M6,2+2,
 235          M6,2,
 236          M6,2,
 237          M7,2,
 238          H1,2,
 239          H2,2,
 240          
C51 COMPILER V9.54   SONG                                                                  03/21/2023 16:51:55 PAGE 5   

 241          M6,4+4,
 242          M6,2,
 243          M7,2,
 244          H1,2,
 245          H2,2,
 246          
 247          M7,4,
 248          M5,2,
 249          M3,2,
 250          M5,2,
 251          
 252          M5,2,
 253          M6,1,
 254          M6,1+2,
 255          M6,2+2,
 256          H1,2,
 257          M7,2,
 258          M5,1,
 259          M3,1+2,
 260          M3,2+2,
 261          M5,2,
 262          
 263          M5,2,
 264          M6,1,
 265          M6,1+2,
 266          M6,4+2,
 267          M6,4+2+2+4,
 268          
 269          M6,4+2+4+4+4,
 270          
 271          0xff
 272          };*/
 273          
 274          /*unsigned char code gyz[] = 
 275          {
 276          //音符,时值,
 277            
 278            //1
 279            M2, 2,
 280            L7, 2,
 281            M1, 2,
 282            L6, 2,
 283            M2, 2,
 284            L7, 2,
 285            M1, 2,
 286            L6, 2,
 287            
 288            M2, 2,
 289            L7, 2,
 290            M1, 2,
 291            L6, 2,
 292            M2, 2,
 293            L7, 2,
 294            M1, 2,
 295            L6, 2,
 296            
 297            //2
 298            M2, 2,
 299            L7, 2,
 300            M1, 2,
 301            L6, 2,
 302            M2, 2,
C51 COMPILER V9.54   SONG                                                                  03/21/2023 16:51:55 PAGE 6   

 303            L7, 2,
 304            M1, 2,
 305            L6, 2,
 306            
 307            M3, 4+4,
 308            P,  4,
 309            P,  1,
 310            M1, 1,
 311            M2, 1,
 312            M1, 1,
 313            
 314            M3, 4+4,
 315            P,  3,
 316            M1, 1,
 317            M2, 1,
 318            M1, 1,
 319            M2, 1,
 320            M3, 1,  
 321            
 322            L6, 3,
 323            M1, 1,
 324            L6, 3,
 325            M1, 1,
 326            L6, 3,
 327            M1, 1,
 328            M2, 2,
 329            M1, 2,
 330            
 331            //3
 332            L7, 8,
 333            P,  4,
 334            P,  4,
 335            
 336            M3, 4+4,
 337            P,  4,
 338            P,  1,
 339            M1, 1,
 340            M2, 1,
 341            M1, 1,
 342            
 343            M3, 4+4,
 344            P,  3,
 345            M1, 1,
 346            M2, 1,
 347            M1, 1,
 348            M2, 1,
 349            M3, 1,
 350            
 351            L6, 3,
 352            M1, 1,
 353            L6, 3,
 354            M1, 1,
 355            L6, 3,
 356            M1, 1,
 357            M3, 2,
 358            M2, 2,
 359            
 360            L7, 8,
 361            P,  4,
 362            P,  4,
 363            
 364            //4
C51 COMPILER V9.54   SONG                                                                  03/21/2023 16:51:55 PAGE 7   

 365            L6, 1,
 366            M1, 1,
 367            M6, 2,
 368            M6, 1,
 369            M6, 1,
 370            M6, 1,
 371            M5, 1,
 372            M6, 2,
 373            M6, 1,
 374            M5, 1,
 375            M6, 1,
 376            M5, 1,
 377            M6, 1,
 378            M5, 1,
 379            
 380            M3, 1,
 381            M3, 3,
 382            M3, 4,
 383            P,  4,
 384            P,  2,
 385            L6, 1,
 386            M1, 1,
 387          
 388            M6, 3,
 389            M6, 1,
 390            M6, 1,
 391            M5, 1,
 392            M6, 1,
 393            M5, 1,
 394            M7, 3,
 395            M7, 1,
 396            M7, 1,
 397            M6, 1,
 398            M7, 2,
 399            
 400            //5
 401            M7, 1,
 402            M6, 2,
 403            M3, 1,
 404            M3, 4,
 405            M3, 4,
 406            P,  1,
 407            M3, 1,
 408            M5, 1,
 409            M3, 1,
 410            
 411            M2, 3,
 412            M3, 1,
 413            M2, 3,
 414            M3, 1,
 415            M2, 3,
 416            M3, 1,
 417            M5, 1,
 418            M3, 1,
 419            M5, 1,
 420            M3, 1,
 421            
 422            M2, 3,
 423            M3, 1,
 424            M2, 3,
 425            M3, 1,
 426            M2, 4,
C51 COMPILER V9.54   SONG                                                                  03/21/2023 16:51:55 PAGE 8   

 427            P,  2,
 428            M1, 1,
 429            M2, 1,
 430            
 431            //6
 432            M3, 2,
 433            L6, 2,
 434            M1, 2,
 435            M3, 2,
 436            M2, 3,
 437            M3, 1,
 438            M2, 1,
 439            M1, 1,
 440            M1, 2,
 441            
 442            L6, 8,
 443            P,  4,
 444            P,  2,
 445            M6, 1,
 446            M7, 1,
 447            
 448            H1, 1,
 449            H2, 1,
 450            M7, 1,
 451            H1, 1,
 452            H1, 2,
 453            H1, 1,
 454            M7, 1,
 455            H1, 1,
 456            H2, 1,
 457            M7, 1,
 458            H1, 1,
 459            H1, 2,
 460            H1, 1,
 461            H2, 1,
 462            
 463            //7
 464            H3, 1,
 465            H2, 1,
 466            H3, 1,
 467            H2, 1,
 468            H3, 2,
 469            H3, 1,
 470            H2, 1,
 471            H3, 2,
 472            H5, 2,
 473            H3, 2,
 474            M6, 1,
 475            M7, 1,
 476            
 477            H1, 1,
 478            H2, 1,
 479            M7, 1,
 480            H1, 1,
 481            H1, 2,
 482            H1, 1,
 483            M7, 1,
 484            H1, 1,
 485            H2, 1,
 486            M7, 1,
 487            H1, 1,
 488            H1, 2,
C51 COMPILER V9.54   SONG                                                                  03/21/2023 16:51:55 PAGE 9   

 489            H1, 1,
 490            H2, 1,
 491            
 492            //8
 493            H3, 1,
 494            H2, 1,
 495            H3, 1,
 496            H2, 1,
 497            H3, 2,
 498            H3, 1,
 499            H2, 1,
 500            H3, 2,
 501            H5, 2,
 502            H3, 2,
 503            H5, 2,
 504            
 505            H3, 3,
 506            H5, 1,
 507            H3, 3,
 508            H5, 1,
 509            H3, 1,
 510            H5, 1,
 511            H6, 1,
 512            H3, 1,
 513            H5, 2,
 514            H5, 2,
 515            
 516            H3, 3,
 517            H5, 1,
 518            H3, 3,
 519            H5, 1,
 520            H3, 1,
 521            H5, 1,
 522            H6, 1,
 523            H3, 1,
 524            H5, 2,
 525            H5, 1,
 526            H5, 1,
 527            //9
 528            H3, 1,
 529            H2, 1,
 530            H2, 2,
 531            H2, 2,
 532            H1, 1,
 533            H3, 1,
 534            H3, 1,
 535            H2, 1,
 536            H2, 2,
 537            H2, 2,
 538            H1, 1,
 539            H1, 1,
 540            
 541            M6, 8,
 542            P,  4,
 543            P,  2,
 544            H5, 1,
 545            H5, 1,
 546            
 547            H3, 1,
 548            H2, 1,
 549            H2, 2,
 550            H2, 2,
C51 COMPILER V9.54   SONG                                                                  03/21/2023 16:51:55 PAGE 10  

 551            H1, 1,
 552            H3, 1,
 553            H3, 1,
 554            H2, 1,
 555            H2, 2,
 556            H2, 2,
 557            H1, 1,
 558            H1, 1,
 559            
 560            //10
 561            
 562            //11
 563            
 564            
 565            0xff  //终止标志
 566          };*/


MODULE INFORMATION:   STATIC OVERLAYABLE
   CODE SIZE        =   ----    ----
   CONSTANT SIZE    =    315    ----
   XDATA SIZE       =   ----    ----
   PDATA SIZE       =   ----    ----
   DATA SIZE        =   ----    ----
   IDATA SIZE       =   ----    ----
   BIT SIZE         =   ----    ----
END OF MODULE INFORMATION.


C51 COMPILATION COMPLETE.  0 WARNING(S),  0 ERROR(S)
